TVPCCSR1#show run
!
ip vrf spoke1tun1
 rd 64512:11
 import ipv4 unicast map GRT2VRF
 export ipv4 unicast map VRF2GRT
 route-target export 64512:0
 route-target import 64512:0
!
!
crypto isakmp policy 1
 encr aes 256
 hash sha256
 authentication pre-share
 group 2
crypto isakmp key ciscokey address 0.0.0.0        
!
crypto ipsec security-association replay window-size 1024
!
crypto ipsec transform-set csrpoc esp-aes 256 esp-sha256-hmac 
 mode tunnel
!
crypto ipsec profile csrpoc
 set security-association idle-time 60
 set security-association replay window-size 1024 
 set transform-set csrpoc 
 set pfs group2
!
interface Loopback118
 ip address 118.18.18.1 255.255.255.0
!
interface Tunnel1011
 ip vrf forwarding spoke1tun1
 ip address 192.168.1.1 255.255.255.0
 load-interval 30
 tunnel source GigabitEthernet1
 tunnel mode ipsec ipv4
 tunnel destination 34.192.89.134
 tunnel protection ipsec profile csrpoc
!
!
interface GigabitEthernet1
 ip address dhcp
 load-interval 30
 speed 10000
 no negotiation auto
!         
router bgp 100
 bgp log-neighbor-changes
 !
 address-family ipv4
  network 118.18.18.0 mask 255.255.255.0
 exit-address-family
 !
 address-family ipv4 vrf spoke1tun1
  redistribute connected
  neighbor 192.168.1.2 remote-as 101
  neighbor 192.168.1.2 log-neighbor-changes
  neighbor 192.168.1.2 timers 10 30 30
  neighbor 192.168.1.2 activate
  neighbor 192.168.1.2 as-override
  neighbor 192.168.1.2 soft-reconfiguration inbound
 exit-address-family
 !
!
ip prefix-list GLOBAL seq 4 permit 118.18.18.0/24
!
ip prefix-list VRF seq 4 permit 119.19.19.0/24
!
!
route-map GRT2VRF permit 10
 match ip address prefix-list GLOBAL
!
route-map VRF2GRT permit 10
 match ip address prefix-list VRF
!
end

TVPCCSR1#
TVPCCSR1#ping 119.19.19.1 source 118.18.18.1
Type escape sequence to abort.
Sending 5, 100-byte ICMP Echos to 119.19.19.1, timeout is 2 seconds:
Packet sent with a source address of 118.18.18.1 
!!!!!
Success rate is 100 percent (5/5), round-trip min/avg/max = 2/15/24 ms
TVPCCSR1#
TVPCCSR1#show ip route
Codes: L - local, C - connected, S - static, R - RIP, M - mobile, B - BGP
       D - EIGRP, EX - EIGRP external, O - OSPF, IA - OSPF inter area 
       N1 - OSPF NSSA external type 1, N2 - OSPF NSSA external type 2
       E1 - OSPF external type 1, E2 - OSPF external type 2
       i - IS-IS, su - IS-IS summary, L1 - IS-IS level-1, L2 - IS-IS level-2
       ia - IS-IS inter area, * - candidate default, U - per-user static route
       o - ODR, P - periodic downloaded static route, H - NHRP, l - LISP
       a - application route
       + - replicated route, % - next hop override, p - overrides from PfR

Gateway of last resort is 10.1.1.1 to network 0.0.0.0

S*    0.0.0.0/0 [254/0] via 10.1.1.1
      10.0.0.0/8 is variably subnetted, 2 subnets, 2 masks
C        10.1.1.0/24 is directly connected, GigabitEthernet1
L        10.1.1.11/32 is directly connected, GigabitEthernet1
      118.0.0.0/8 is variably subnetted, 2 subnets, 2 masks
C        118.18.18.0/24 is directly connected, Loopback118
L        118.18.18.1/32 is directly connected, Loopback118
      119.0.0.0/24 is subnetted, 1 subnets
B        119.19.19.0 [20/0] via 192.168.1.2 (spoke1tun1), 00:22:13
TVPCCSR1#
TVPCCSR1#show ip bgp 
BGP table version is 3, local router ID is 10.1.1.11
Status codes: s suppressed, d damped, h history, * valid, > best, i - internal, 
              r RIB-failure, S Stale, m multipath, b backup-path, f RT-Filter, 
              x best-external, a additional-path, c RIB-compressed, 
Origin codes: i - IGP, e - EGP, ? - incomplete
RPKI validation codes: V valid, I invalid, N Not found

     Network          Next Hop            Metric LocPrf Weight Path
 *>  118.18.18.0/24   0.0.0.0                  0         32768 i
 *>  119.19.19.0/24   192.168.1.2              0             0 101 ?
TVPCCSR1#
TVPCCSR1#show ip route vrf spoke1tun1

Routing Table: spoke1tun1
Codes: L - local, C - connected, S - static, R - RIP, M - mobile, B - BGP
       D - EIGRP, EX - EIGRP external, O - OSPF, IA - OSPF inter area 
       N1 - OSPF NSSA external type 1, N2 - OSPF NSSA external type 2
       E1 - OSPF external type 1, E2 - OSPF external type 2
       i - IS-IS, su - IS-IS summary, L1 - IS-IS level-1, L2 - IS-IS level-2
       ia - IS-IS inter area, * - candidate default, U - per-user static route
       o - ODR, P - periodic downloaded static route, H - NHRP, l - LISP
       a - application route
       + - replicated route, % - next hop override, p - overrides from PfR

Gateway of last resort is not set

      10.0.0.0/24 is subnetted, 4 subnets
B        10.254.1.0 [20/0] via 192.168.2.2 (spoke2tun1), 02:00:18
B        10.254.2.0 [20/0] via 192.168.2.2 (spoke2tun1), 02:00:18
B        10.255.1.0 [20/0] via 192.168.1.2, 02:00:15
B        10.255.2.0 [20/0] via 192.168.1.2, 02:00:15
      17.0.0.0/30 is subnetted, 1 subnets
B        17.1.1.0 [20/0] via 192.168.1.2, 02:00:15
      19.0.0.0/30 is subnetted, 1 subnets
B        19.1.1.0 [20/0] via 192.168.2.2 (spoke2tun1), 02:00:18
      118.0.0.0/8 is variably subnetted, 2 subnets, 2 masks
B        118.18.18.0/24 is directly connected, 00:11:00, Loopback118
L        118.18.18.1/32 is directly connected, Loopback118
      119.0.0.0/24 is subnetted, 1 subnets
B        119.19.19.0 [20/0] via 192.168.1.2, 00:22:29
      172.1.0.0/32 is subnetted, 1 subnets
B        172.1.1.2 [20/0] via 192.168.1.2, 02:00:15
      172.2.0.0/32 is subnetted, 1 subnets
B        172.2.1.2 [20/0] via 192.168.2.2 (spoke2tun1), 02:00:18
      192.168.1.0/24 is variably subnetted, 2 subnets, 2 masks
C        192.168.1.0/24 is directly connected, Tunnel1011
L        192.168.1.1/32 is directly connected, Tunnel1011
B     192.168.2.0/24 [20/0] via 192.168.2.2 (spoke2tun1), 02:00:18
TVPCCSR1#
TVPCCSR1#show ip bgp vpnv4 all
BGP table version is 62, local router ID is 10.1.1.11
Status codes: s suppressed, d damped, h history, * valid, > best, i - internal, 
              r RIB-failure, S Stale, m multipath, b backup-path, f RT-Filter, 
              x best-external, a additional-path, c RIB-compressed, 
Origin codes: i - IGP, e - EGP, ? - incomplete
RPKI validation codes: V valid, I invalid, N Not found

     Network          Next Hop            Metric LocPrf Weight Path
Route Distinguisher: 64512:11 (default for vrf spoke1tun1)
Import Map: GRT2VRF, Address-Family: IPv4 Unicast, Pfx Count/Limit: 1/1000
Export Map: VRF2GRT, Address-Family: IPv4 Unicast, Pfx Count/Limit: 1/1000
 *>  10.254.1.0/24    192.168.2.2              0             0 102 ?
 *>  10.254.2.0/24    192.168.2.2              0             0 102 ?
 *>  10.255.1.0/24    192.168.1.2              0             0 101 ?
 *>  10.255.2.0/24    192.168.1.2              0             0 101 ?
 *>  17.1.1.0/30      192.168.1.2              0             0 101 ?
 *>  19.1.1.0/30      192.168.2.2              0             0 102 ?
 *>  118.18.18.0/24   0.0.0.0                  0         32768 i
 *>  119.19.19.0/24   192.168.1.2              0             0 101 ?
 *>  172.1.1.2/32     192.168.1.2              0             0 101 ?
 *>  172.2.1.2/32     192.168.2.2              0             0 102 ?
 *   192.168.1.0      192.168.1.2              0             0 101 ?
 *>                   0.0.0.0                  0         32768 ?
 *>  192.168.2.0      192.168.2.2              0             0 102 ?
TVPCCSR1# 

